Exception in thread "main" java.lang.Error: Unresolved compilation problems: 
	The method getScope() is undefined for the type ClassSymbol
	The method getScope() is undefined for the type ClassSymbol

	at cool.ast.visitors.semantic.ASTDefinitionPassVisitor.visit(ASTDefinitionPassVisitor.java:50)
	at cool.ast.visitors.semantic.ASTDefinitionPassVisitor.visit(ASTDefinitionPassVisitor.java:1)
	at cool.ast.nodes.ASTField.accept(ASTField.java:18)
	at cool.ast.visitors.semantic.ASTDefinitionPassVisitor.lambda$1(ASTDefinitionPassVisitor.java:34)
	at java.base/java.util.ArrayList.forEach(ArrayList.java:1596)
	at java.base/java.util.Collections$UnmodifiableCollection.forEach(Collections.java:1116)
	at cool.ast.visitors.semantic.ASTDefinitionPassVisitor.visit(ASTDefinitionPassVisitor.java:34)
	at cool.ast.visitors.semantic.ASTDefinitionPassVisitor.visit(ASTDefinitionPassVisitor.java:1)
	at cool.ast.nodes.ASTClass.accept(ASTClass.java:36)
	at cool.ast.visitors.semantic.ASTDefinitionPassVisitor.lambda$0(ASTDefinitionPassVisitor.java:27)
	at java.base/java.util.Optional.ifPresent(Optional.java:178)
	at cool.ast.visitors.semantic.ASTDefinitionPassVisitor.visit(ASTDefinitionPassVisitor.java:27)
	at cool.ast.visitors.semantic.ASTDefinitionPassVisitor.visit(ASTDefinitionPassVisitor.java:1)
	at cool.ast.nodes.ASTClass.accept(ASTClass.java:36)
	at cool.ast.visitors.semantic.ASTSemanticVisitor.lambda$0(ASTSemanticVisitor.java:16)
	at java.base/java.util.ArrayList.forEach(ArrayList.java:1596)
	at java.base/java.util.Collections$UnmodifiableCollection.forEach(Collections.java:1116)
	at cool.ast.visitors.semantic.ASTSemanticVisitor.visit(ASTSemanticVisitor.java:16)
	at cool.ast.nodes.ASTRoot.accept(ASTRoot.java:19)
	at cool.ast.visitors.semantic.ASTSemanticVisitor.applyVisitor(ASTSemanticVisitor.java:30)
	at cool.compiler.Compiler.main(Compiler.java:137)
	at cool.tester.Tester2.main(Tester2.java:34)
