"07-relational.cl", line 3:21, Syntax error: mismatched input '2' expecting {'@', ';', '.', '+', '-', '*', '/', '=', '<', '<='}
"07-relational.cl", line 4:5, Syntax error: extraneous input 'c' expecting {<EOF>, CLASS}
Compilation halted
