"09-new-isvoid.cl", line 3:13, Syntax error: mismatched input 'isvoid' expecting {'@', '.', '}', '+', '-', '*', '/', '=', '<', '<='}
Compilation halted
